"","pvalue","teststat","covs"
"1",1,5.5745295189372,100
"2",1,14.0410103922196,100
"3",1,5.41936348263695,100
"4",1,6.02908674739292,100
"5",1,4.75291438656348,100
"6",1,-2.41589652886906,100
"7",1,-5.292483385703,100
"8",1,1.58658722764276,100
"9",1,3.88789905492188,100
"10",1,19.2784484649395,100
